// Jest Snapshot v1, https://goo.gl/fbAQLP

exports[`1+2 === 3 1`] = `3`;

exports[`a+b === ab 1`] = `"ab"`;

exports[`array 1`] = `
Array [
  1,
  2,
  3,
  4,
]
`;

exports[`function 1`] = `[Function]`;

exports[`snapshot in loop: aaa 1`] = `"aaa"`;

exports[`snapshot in loop: bbb 1`] = `"bbb"`;

exports[`snapshot in loop: ccc 1`] = `"ccc"`;
